MO queue NULL queue.v vlg0D/queue.bin 1748523561
MO top NULL top.v vlg6F/top.bin 1748523561
MO counter NULL counter.v vlg10/counter.bin 1748523561
MO dispatcher NULL ../dispatcher.v vlg17/dispatcher.bin 1748671429
MO test_output_2darray NULL ../test_output_2darray.v vlg10/test__output__2darray.bin 1748676833
